// Jest Snapshot v1, https://goo.gl/fbAQLP

exports[`test middleware app 1`] = `
<Provider
  store={
    Object {
      "dispatch": [Function],
      "getState": [Function],
      "replaceReducer": [Function],
      "subscribe": [Function],
      Symbol(observable): [Function],
    }
  }
>
  <Connect(PlaygroundWrapper)
    setTitle={true}
    showNewWorkspace={false}
  />
</Provider>
`;
